// Jest Snapshot v1, https://goo.gl/fbAQLP

exports[`Card component rendered 1`] = `
<a
  className="card"
  href="https://github.com/undefined"
  target="_blank"
>
  <p
    className="bold"
  />
  <p>
    <span>
      Status: 
    </span>
  </p>
</a>
`;
